// Jest Snapshot v1, https://goo.gl/fbAQLP

exports[`attributes Converts JSON, bool and omits nulls 1`] = `
Object {
  "active": true,
  "boring": false,
  "keepThis": Array [],
  "keepThisDate": 1970-01-01T00:00:00.000Z,
  "nullThis": null,
  "someIds": Array [
    1,
    2,
    3,
    4,
  ],
}
`;
